> Task :app:checkKotlinGradlePluginConfigurationErrors SKIPPED
> Task :app:objectboxPrepareBuild UP-TO-DATE
> Task :app:preBuild UP-TO-DATE
> Task :app:preDebugBuild UP-TO-DATE
> Task :app:checkDebugAarMetadata UP-TO-DATE
> Task :app:processDebugNavigationResources UP-TO-DATE
> Task :app:compileDebugNavigationResources UP-TO-DATE
> Task :app:generateDebugResValues UP-TO-DATE
> Task :app:mapDebugSourceSetPaths UP-TO-DATE
> Task :app:generateDebugResources UP-TO-DATE
> Task :app:mergeDebugResources UP-TO-DATE
> Task :app:packageDebugResources UP-TO-DATE
> Task :app:parseDebugLocalResources UP-TO-DATE
> Task :app:createDebugCompatibleScreenManifests UP-TO-DATE
> Task :app:extractDeepLinksDebug UP-TO-DATE
> Task :app:processDebugMainManifest UP-TO-DATE
> Task :app:processDebugManifest UP-TO-DATE
> Task :app:processDebugManifestForPackage UP-TO-DATE
> Task :app:processDebugResources UP-TO-DATE
> Task :app:kaptGenerateStubsDebugKotlin UP-TO-DATE
> Task :app:kaptDebugKotlin UP-TO-DATE

> Task :app:compileDebugKotlin FAILED
./gradlew : e: file:///C:/Users/ASHUTOSH
/AndroidStudioProjects/Personalhealthcar
eapp/app/src/main/java/com/example/perso
nalhealthcareapp/navigation/AppNavigatio
n.kt:24:47 Unresolved reference 
'ChatScreen'.
At line:1 char:63
+ ... ndroid\Android Studio\jbr"; 
./gradlew compileDebugKotlin 2>&1 | 
Out-F ...
+                                 
~~~~~~~~~~~~~~~~~~~~~~~~~~~~~~~~~
    + CategoryInfo          : NotSpecif 
   ied: (e: file:///C:/U...e 'ChatScre  
  en'.:String) [], RemoteException
    + FullyQualifiedErrorId : NativeCom 
   mandError
 
e: file:///C:/Users/ASHUTOSH/AndroidStud
ioProjects/Personalhealthcareapp/app/src
/main/java/com/example/personalhealthcar
eapp/navigation/AppNavigation.kt:107:45 
Unresolved reference 'ChatScreen'.

FAILURE: Build failed with an exception.

* What went wrong:
Execution failed for task 
':app:compileDebugKotlin'.
> A failure occurred while executing org
.jetbrains.kotlin.compilerRunner.GradleC
ompilerRunnerWithWorkers$GradleKotlinCom
pilerWorkAction
   > Compilation error. See log for 
more details

* Try:
> Run with --stacktrace option to get 
the stack trace.
> Run with --info or --debug option to 
get more log output.
> Run with --scan to get full insights.
> Get more help at 
https://help.gradle.org.

BUILD FAILED in 5s
19 actionable tasks: 1 executed, 18 up-to-date
